- node_id: '0'
  node_type: RootNode
  content_length: 577
  content: |-
    # Main Heading

    Content under the first H1, with italic text.

    ## Section with a Table

    | Column A   | Column B   |
    |------------|------------|
    | Data 1A    | Data 1B    |
    | Data 2A    | Data 2B    |

    ## Another Section with Lists

    Here are some lists.

    - First item
    - Second item

    1. Step 1
    2. Step 2

    This is a blockquote.

    ### Subsection with Code

    An example of inline code is document.getElementById().

    ```
    function hello() {
        console.log("Hello, world!");
    }
    ```

    # Final Heading

    A final paragraph with an image and some text that should not be formatted: 5 * 3 = 15.
  metadata: {}
  relationships:
    children:
    - '1'
    - '2'
    - '3'
    - '4'
    - '5'
    - '6'
    - '7'
    - '8'
    - '9'
    - '10'
    - '11'
    - '12'
    - '13'
    - '14'
  members:
  - node_id: '1'
    node_type: Node
    content_length: 14
    content: '# Main Heading'
    metadata:
      docling_label: title
      docling_ref: '#/texts/1'
      headings:
      - '# Main Heading'
    relationships:
      next: '2'
      parent: '0'
    members: []
  - node_id: '2'
    node_type: Node
    content_length: 45
    content: Content under the first H1, with italic text.
    metadata:
      docling_label: text
      docling_ref: '#/texts/2'
      headings:
      - '# Main Heading'
    relationships:
      next: '3'
      parent: '0'
      previous: '1'
    members: []
  - node_id: '3'
    node_type: Node
    content_length: 23
    content: '## Section with a Table'
    metadata:
      docling_label: section_header
      docling_ref: '#/texts/3'
      headings:
      - '# Main Heading'
      - '## Section with a Table'
    relationships:
      next: '4'
      parent: '0'
      previous: '2'
    members: []
  - node_id: '4'
    node_type: Node
    content_length: 111
    content: |-
      | Column A   | Column B   |
      |------------|------------|
      | Data 1A    | Data 1B    |
      | Data 2A    | Data 2B    |
    metadata:
      docling_label: table
      docling_ref: '#/tables/0'
      headings:
      - '# Main Heading'
      - '## Section with a Table'
    relationships:
      next: '5'
      parent: '0'
      previous: '3'
    members: []
  - node_id: '5'
    node_type: Node
    content_length: 29
    content: '## Another Section with Lists'
    metadata:
      docling_label: section_header
      docling_ref: '#/texts/4'
      headings:
      - '# Main Heading'
      - '## Another Section with Lists'
    relationships:
      next: '6'
      parent: '0'
      previous: '4'
    members: []
  - node_id: '6'
    node_type: Node
    content_length: 20
    content: Here are some lists.
    metadata:
      docling_label: text
      docling_ref: '#/texts/5'
      headings:
      - '# Main Heading'
      - '## Another Section with Lists'
    relationships:
      next: '7'
      parent: '0'
      previous: '5'
    members: []
  - node_id: '7'
    node_type: Node
    content_length: 26
    content: |-
      - First item
      - Second item
    metadata:
      docling_label: list
      docling_ref: '#/groups/0'
      headings:
      - '# Main Heading'
      - '## Another Section with Lists'
    relationships:
      next: '8'
      parent: '0'
      previous: '6'
    members: []
  - node_id: '8'
    node_type: Node
    content_length: 19
    content: |-
      1. Step 1
      2. Step 2
    metadata:
      docling_label: list
      docling_ref: '#/groups/1'
      headings:
      - '# Main Heading'
      - '## Another Section with Lists'
    relationships:
      next: '9'
      parent: '0'
      previous: '7'
    members: []
  - node_id: '9'
    node_type: Node
    content_length: 21
    content: This is a blockquote.
    metadata:
      docling_label: text
      docling_ref: '#/texts/10'
      headings:
      - '# Main Heading'
      - '## Another Section with Lists'
    relationships:
      next: '10'
      parent: '0'
      previous: '8'
    members: []
  - node_id: '10'
    node_type: Node
    content_length: 24
    content: '### Subsection with Code'
    metadata:
      docling_label: section_header
      docling_ref: '#/texts/11'
      headings:
      - '# Main Heading'
      - '## Another Section with Lists'
      - '### Subsection with Code'
    relationships:
      next: '11'
      parent: '0'
      previous: '9'
    members: []
  - node_id: '11'
    node_type: Node
    content_length: 55
    content: An example of inline code is document.getElementById().
    metadata:
      docling_label: text
      docling_ref: '#/texts/12'
      headings:
      - '# Main Heading'
      - '## Another Section with Lists'
      - '### Subsection with Code'
    relationships:
      next: '12'
      parent: '0'
      previous: '10'
    members: []
  - node_id: '12'
    node_type: Node
    content_length: 62
    content: |-
      ```
      function hello() {
          console.log("Hello, world!");
      }
      ```
    metadata:
      docling_label: code
      docling_ref: '#/texts/13'
      headings:
      - '# Main Heading'
      - '## Another Section with Lists'
      - '### Subsection with Code'
    relationships:
      next: '13'
      parent: '0'
      previous: '11'
    members: []
  - node_id: '13'
    node_type: Node
    content_length: 15
    content: '# Final Heading'
    metadata:
      docling_label: title
      docling_ref: '#/texts/14'
      headings:
      - '# Final Heading'
    relationships:
      next: '14'
      parent: '0'
      previous: '12'
    members: []
  - node_id: '14'
    node_type: Node
    content_length: 87
    content: 'A final paragraph with an image and some text that should not be formatted:
      5 * 3 = 15.'
    metadata:
      docling_label: text
      docling_ref: '#/texts/15'
      headings:
      - '# Final Heading'
    relationships:
      parent: '0'
      previous: '13'
    members: []
